Oblique Infinity - Goldfire	O/Oblique Infinity - Goldfir	A-Demos:O/ObliqueInfinity/ObliqueInfinity.Slave
Odeon - Solution	O/Odeon - Solution	A-Demos:O/Odeon/Odeon.Slave
Ode To Ramon - Digital Force	O/Ode To Ramon - Digital For	A-Demos:O/OdeToRamon/OdeToRamon.slave
Ode to Ramon 2 - The Digital Force	O/Ode to Ramon 2 - The Digit	A-Demos:O/OdeToRamon2/OdeToRamon2.slave
Odysounds 2 - Odyssey	O/Odysounds 2 - Odyssey	A-Demos:O/OdySounds2/OdySounds2.Slave
Old Tunes - Chrome	O/Old Tunes - Chrome	A-Demos:O/OldTunes/OldTunes.Slave
One Day On Mars - Exile	O/One Day On Mars - Exile	A-Demos:O/OneDayOnMars/OneDayOnMars.Slave
One Stone -Sport Aid- - Quest	O/One Stone -Sport Aid- - Qu	A-Demos:O/OneStone/OneStone.slave
Optical Dreams - Addict	O/Optical Dreams - Addict	A-Demos:O/OpticalDreams/OpticalDreams.Slave
Ottifanten - Thrust	O/Ottifanten - Thrust	A-Demos:O/Ottifanten/Ottifanten.Slave
Ottifanten 2 - Thrust	O/Ottifanten 2 - Thrust	A-Demos:O/Ottifanten2/Ottifanten2.Slave
Our definition of a boombastic demo style - Rebels	O/Our definition of a boomba	A-Demos:O/OurDefOfBoombastic/OurDefOfBoombastic.slave
Overdose - Delight	O/Overdose - Delight	A-Demos:O/Overdose/Overdose.Slave
Overload - Jetset	O/Overload - Jetset	A-Demos:O/Overload/Overload.Slave
Overload 2 - Skid Row,Jetset	O/Overload 2 - Skid Row.Jets	A-Demos:O/Overload2/Overload2.Slave