Hail the Engineer - Jetset	H/Hail the Engineer - Jetset	A-Demos:H/HailTheEngineer/HailTheEngineer.Slave
Hammer - Amaze	H/Hammer - Amaze	A-Demos:H/Hammer/Hammer.Slave
Heliopolis - EMT Design	H/Heliopolis - EMT Design	A-Demos:H/Heliopolis/Heliopolis.Slave
Here we are - Awake	H/Here we are - Awake	A-Demos:H/HereWeAre/HereWeAre.Slave
Highway 1930 - Fraxion	H/Highway 1930 - Fraxion	A-Demos:H/Highway1930/Highway1930.Slave
Hit Collection 1 - Commando	H/Hit Collection 1 - Command	A-Demos:H/HitCollection1/HitCollection1.Slave
Hit Fido - Kgb	H/Hit Fido - Kgb	A-Demos:H/HitFido/HitFido.Slave
Hit the Road - Flash Production	H/Hit the Road - Flash Produ	A-Demos:H/HitTheRoad/HitTheRoad.Slave
Hollywood Poker Slide - The Light Circle	H/Hollywood Poker Slide - Th	A-Demos:H/HollywoodPokerSlide/HollywoodPokerSlide.Slave
Hot Music 4 - Ram Jam	H/Hot Music 4 - Ram Jam	A-Demos:H/HotMusic4/HotMusic4.Slave
House Music - Vision	H/House Music - Vision	A-Demos:H/HouseMusic/HouseMusic.Slave
Human Target - Melon Dezign	H/Human Target - Melon Dezig	A-Demos:H/HumanTarget/HumanTarget.Slave
Hymn 633 - Damage	H/Hymn 633 - Damage	A-Demos:H/Hymn633/Hymn633.slave
Hymns From The Bible 3 - Arcane	H/Hymns From The Bible 3 - A	A-Demos:H/HymnsFromTheBible3/HymnsFromTheBible3.Slave