Sounddisk 2 -The Best of Grubi- - Brainstorm
Sane Sound - Academy
ScrewBalls - Phenomena
SCR Musax 2 - Scrapers
Seeing is believing - Anarchy
Sensenmann - United Forces
ShadowFire - Exact
Shed Tears - Ozone
Sigh - Old Bulls
Smau 92 Music Disk - Nightfall
Snap! - Rebels
Soft Movie - Genocide
Smell Of Shit (S.O.S) - Melon Dezign
Sound and Vision - Rebels
Sound Atax Vol. 1 - Magnetic Fields
Sound Atax Vol. 2 - Magnetic Fields
Sound Atax Vol. 3 - Magnetic Fields
Sound Barrier - Balance
Soundbox 2 - Alpha Flight 1970,Genesis (Alpha Flight)
Sound De Light - Software Of Sweden
Sound Disk 1 - Mygon
Sound Disk 2 - Mygon
Sounddisk - Possessed
Sound engine - Absence
Sound Engine 2 - Absence
Sound Erection - Shining 8
Sound Highlights 1 - Timex
Sound Mania 2 - Pussy
Sound of Music 7 - Cave
Sound of Silents - The Silents
Soundquest 1 - Quest
Sound Quest #2 - Quest
Soundrevolution 6 - Celtic
Sounds of Gnome - Mahoney & Kaktus,Northstar
Soundtracker Injury 2 - Electronic Artists
Soundtracker Injury 3 - Electronic Artists
Soundtrip - Shadows
Spaced Out Vol. 1 - Magnetic Fields
Spaced Out Vol. 2 - Magnetic Fields
Spaceship - Doctor Mabuse Orgasm Crackings
Spasmolytic - Spaceballs
Spellcheck - Andromeda
Stag 1 - BNK-Team
Stag 2 - The BNK Team
Stag 3 - BNK-Team
Stag 4 - BNK-Team
Stag 5 - BNK-Team
Stag 6 - BNK-Team
Stag EXTRA - BNK-Team
Stag 1 - BNK-Team
Stateline - Complex
Status quo - Mad elks
Stereo Sounds - Eon
Strange Dream #1 - Willow (Amiga)
Strange Music 2 - Strange
Strange Music 3 - Strange
Subliminal Vision - Bass
Sunset glow - Thrust
Sweet music - Crusaders
Synthesis - Underground
Synthetic Power - Cave
Synthetic Vibes - Quartz
System violation - Anarchy