Negative FX - Reality	N/Negative FX - Reality	A-Demos:N/NegativeFX/NegativeFX.Slave
Neural Assault - Rage	N/Neural Assault - Rage	A-Demos:N/NeuralAssault/NeuralAssault.Slave
New age - Ram Jam	N/New age - Ram Jam	A-Demos:N/NewAge/NewAge.Slave
Nightshade's Harmony - Ecstasy	N/Nightshades Harmony - Ecst	A-Demos:N/NightshadesHarmony/NightshadesHarmony.Slave
No Brain - No Pain! (megademo) - Flash Production	N/No Brain - No Pain megadem	A-Demos:N/NoBrainNoPainFlashProd/NoBrainNoPainFlashProd.Slave
No Brain No Pain - Paradise	N/No Brain No Pain - Paradis	A-Demos:N/NoBrainNoPainParadise/NoBrainNoPainParadise.Slave
Non Stop Music - Jungle Command	N/Non Stop Music - Jungle Co	A-Demos:N/NonStopMusic/NonStopMusic.Slave
Nonterraqueous - Alarm	N/Nonterraqueous - Alarm	A-Demos:N/Nonterraqueous/Nonterraqueous.Slave
No Tech - Bass	N/No Tech - Bass	A-Demos:N/NoTech/NoTech.Slave
Nugget - The Black Lotus	N/Nugget - The Black Lotus	A-Demos:N/Nugget/Nugget.Slave
NUMERIC - Profecy	N/NUMERIC - Profecy	A-Demos:N/Numeric/Numeric.Slave
NUMERIC 2 - Profecy	N/NUMERIC 2 - Profecy	A-Demos:N/Numeric2/Numeric2.Slave
NUMERIC 3 - Profecy	N/NUMERIC 3 - Profecy	A-Demos:N/Numeric3/Numeric3.Slave