Plays 2 unlimited - Scoopex	P/Plays 2 unlimited - Scoope	A-Demos:0-9/2Unlimited/2Unlimited.Slave
Party demo - Mute 101	P/Party demo - Mute 101	A-Demos:D/DemoMute101/DemoMute101.Slave
Pack van pee #1 - Jetset	P/Pack van pee 1 - Jetset	A-Demos:P/PackVanPee1/PackVanPee1.Slave
Pack van pee #3 - Jetset	P/Pack van pee 3 - Jetset	A-Demos:P/PackVanPee3/PackVanPee3.Slave
Panic - Voices of Energy - Alcatraz	P/Panic - Voices of Energy -	A-Demos:P/PanicVoicesOfEnergy/PanicVoicesOfEnergy.Slave
Paralytic noises - Inzzest	P/Paralytic noises - Inzzest	A-Demos:P/ParalyticNoises/ParalyticNoises.Slave
Peace in the Gulf - Animators	P/Peace in the Gulf - Animat	A-Demos:P/PeaceInTheGulf/PeaceInTheGulf.slave
Pixeled Pleasures - Them	P/Pixeled Pleasures - Them	A-Demos:P/PixeledPleasures/PixeledPleasures.Slave
Pixel Nation - Defjam	P/Pixel Nation - Defjam	A-Demos:P/PixelNation/PixelNation.Slave
Point blank - Andromeda	P/Point blank - Andromeda	A-Demos:P/PointBlank/PointBlank.Slave
Polychrome - Intense	P/Polychrome - Intense	A-Demos:P/Polychrome/Polychrome.Slave
Power and Agony - Trackers	P/Power and Agony - Trackers	A-Demos:P/PowerAndAgony/PowerAndAgony.Slave
Powertrax - The Light Circle	P/Powertrax - The Light Circ	A-Demos:P/Powertrax/Powertrax.Slave
Project Beat - Crusaders	P/Project Beat - Crusaders	A-Demos:P/ProjectBeat/ProjectBeat.Slave
Project Techno - Quartz	P/Project Techno - Quartz	A-Demos:P/ProjectTechno/ProjectTechno.Slave
Propaganda - Zero Defects	P/Propaganda - Zero Defects	A-Demos:P/PropagandaZeroDefects/PropagandaZeroDefects.slave
Psygnosis Musical Picture Disc #1 - Psygnosis & S.R.S	P/Psygnosis Musical Picture	A-Demos:P/PsygnosisMusicPictureDisc/PsygnosisMusicPictureDisc.Slave
Public Attack - Cult	P/Public Attack - Cult	A-Demos:P/PublicAttack/PublicAttack.slave
Puggs in Space - Dionysus	P/Puggs in Space - Dionysus	A-Demos:P/PuggsInSpace/PuggsInSpace.Slave
Purple - Warfalcons	P/Purple - Warfalcons	A-Demos:P/Purple/Purple.Slave