24 Hour E Fix - Quartz Fix	1/1.run
2d - Remedy (amiga)	1/2.run
3D balls - Avenger	1/3.run
3D DEMO - Anarchy Demo	1/4.run
3D-Net-Analyzer - Doctor Mabuse Orgasm Crackings	1/5.run
5 Yards - Vision	1/6.run
3d vector demo - Prophets AG,unicorn Demo	1/7.run
3d vector demo - Prophets AG,unicorn	1/8.run
Absence of Light - Animators	2/1.run
Absolute Swedish 1 - Phew! Productions	2/2.run
Acid In The House - Northstar,The Silents	2/3.run
Acme Slideshow 1991 (Reflection of Perfection) - Acme (Amiga)	2/4.run
A Few Tunes by Dr. Awesome and Fleshbrain - The Crusaders	2/5.run
Alfred The Music Disk - Relay	2/6.run
Aloha - Rebels	2/7.run
Alpha & Omega - Pure Metal Coders	2/8.run
Amazing Tunes - Share And Enjoy,Megaforce	2/9.run
Amplifier 1 - Dimension 4	2/10.run
Analogia - Analog	2/11.run
Anarchy (announcetro/Silents fr last demo) - The Silents,Anarchy	2/12.run
Anarchy party slide - Razor 1911 AnarchyPartySlide	2/13.run
Animotion - Phenomena	2/14.run
Apocalypse - Gods	2/15.run
Art & Go! - Impulse (.hu)	2/16.run
Art of Noise 3 - Northtech	2/17.run
Art of Noise 4 - Northtech	2/18.run
Assemblo - World Industries	2/19.run
Assembly 1992 Slideshow - World Industries	2/20.run
Astrogate - Byterapers	2/21.run
Atmospherical Melodies - Carnage	2/22.run
Audio Dreams - Chaos	2/23.run
AudiOmega - Rebels	2/24.run
Audio-X - The Crusaders	2/25.run
Autumn nights - Palace	2/26.run
Adam McCrory Music Disk 1 - Adam McCrory	2/27.run
Back 2 Base - Crusaders	3/1.run
Bacteria - The Crusaders	3/2.run
Banging Raves - Intuition	3/3.run
Banging Raves 2 - Intuition	3/4.run
Bard in a box - Academy	3/5.run
Basso Continuo - Fury	3/6.run
BBS Intro - Taurus Intro	3/7.run
Beach Volley - Paradox Demo	3/8.run
Beat Box - Warfalcons	3/9.run
Beatvise - Ivory	3/10.run
Best of RAF - Katharsis	3/11.run
Beyond Justice - Dexion	3/12.run
Big business - Defjam	3/13.run
Black Energy - Hardline	3/14.run
Black'n White Slide - Drifters,Pentagon (Amiga)	3/15.run
Blasting - Gate	3/16.run
Blue house 2 - Rebels	3/17.run
Blues House - The Silents	3/18.run
Bomb The Bass - Tuneshow 2 - The Top Boys	3/19.run
Boulder Demo - Tristar Demo	3/20.run
Breed CD1 - Nightbreed	3/21.run
Bruno's Musicbox II - Gate	3/22.run
Brunos box 3 - Anarchy	3/23.run
Bubonic Plague - Bloodsuckers	3/24.run
Burning Spear - The Dark Demon	3/25.run
Can I Play With Madness ? - Defcon One	4/1.run
Capricorn One - Cydonia	4/2.run
Cebit'89 - Exact	4/3.run
Celebration - IT	4/4.run
Cerebral Delights - Goldfire	4/5.run
Checked implosion - Intryx	4/6.run
Chip Music Festival - Magnetic Fields	4/7.run
Chip Music Festival - Magnetic Fields	4/8.run
Chords - Foundation	4/9.run
Circle Scroller - United Forces	4/10.run
Clapping World - Subway	4/11.run
Coca Cola - Fraxion Demo	4/12.run
Coder Trash - Mexx	4/13.run
Color Crime - X-Trade	4/14.run
Coma - Rebels	4/15.run
Compact Music Disk 1 - Semtex	4/16.run
Compilation Disk - PowerLords	4/17.run
Concept Criminosical - Ruthless	4/18.run
Copper master - Angels	4/19.run
Crayon Shinchan - Melon Dezign	4/20.run
Crazy Sounds II - Team-X	4/21.run
Creamy Cranium 1 - Strangers	4/22.run
Crystal Symphonies - Phenomena	4/23.run
Crystal Symphonies 2 - Phenomena	4/24.run
Cutcreations - Static bytes	4/25.run
Cyber Sounds - Bastards	4/26.run
Demo - The Code Killers G.d.r. Intro	5/1.run
Dance Trance I - Interactive	5/2.run
Danish Know How - Flash Production	5/3.run
Darkroom - Stellar	5/4.run
Darktro - Darkness	5/5.run
Day of Reckoning - Digital	5/6.run
Deadly Jammin 2 - Deathstar	5/7.run
Decibel overload - Cue-X Developments	5/8.run
Deep Core - Balance	5/9.run
Deformations - Deform	5/10.run
Deja Vu - Anarchy	5/11.run
Delicate sounds - Razor 1911	5/12.run
Delirium - Fraxion	5/13.run
Delirium - Deform	5/14.run
Delirium - Fraxion	5/15.run
Demo Disk 1 - Apology	5/16.run
Demo-Disk - Quest	5/17.run
Demo Disk - Subway	5/18.run
Demons are forever - Doctor Mabuse Orgasm Crackings	5/19.run
Demon's Rage - Nerve Axis	5/20.run
Despair - LSD	5/21.run
Det kniber - Rebels	5/22.run
Diggy Piggys - Channel 42,The Silents	5/23.run
Digital Complexity - Crass	5/24.run
Digital concert 1 - Flash Production	5/25.run
Digital concert 2 - Flash Production	5/26.run
Digital concert 3 - Flash Production	5/27.run
Digital concert 4 - Flash Production	5/28.run
Digital Concert 5 - Flash Production	5/29.run
Digital concert 6 - Flash Production	5/30.run
Digital innovation - Anarchy	5/31.run
Digital Music Art - Wildfire	5/32.run
Digital Noises - Ram Jam	5/33.run
Digital sounds vol 1 - The Warfalcons	5/34.run
Disco Fever - Ipec Elite	5/35.run
Divine Inspiration - Goldfire	5/36.run
Dizzy Tunes 1 - Noiseless,The Silents	5/37.run
Don Martin - Hypnosis	5/38.run
D.O.S - Andromeda	5/39.run
Do the Bartman - Freehand	5/40.run
Double Intro Part1 - Vega Intro	5/41.run
Dream Trippin' - Digital	5/42.run
Drums & Reverbs - Chryseis	5/43.run
Dynamo - Orion	5/44.run
Eargasm Tunes - The Silents	6/1.run
Electric Sound 3 - The Goonies 2041	6/2.run
End of maloy - The Silents	6/3.run
Enigma - Phenomena	6/4.run
Epilepsia 2 - Amnesia	6/5.run
Erazorhead - Razor 1911	6/6.run
Essential Beats Volume 3 - Quote	6/7.run
Essential Classics - Nova	6/8.run
Estprobal Mastic - Imagine	6/9.run
Exage 1 - Burning Independence	6/10.run
Experiment - Ram Jam	6/11.run
Expressions - Timecircle	6/12.run
Extemporized - Digital	6/13.run
Face another day - Razor 1911	7/1.run
Fantastic Dream - Saints	7/2.run
Fantastic Pix 1 - Venom	7/3.run
Finlandia - Dual Crew,Complex	7/4.run
First demo - Exact Demo	7/5.run
Fool's gold - Sanity	7/6.run
Fractal Tunes - Midnightsun	7/7.run
Future Synthetix - Anthrox	7/8.run
Gathering 91 - Byterapers,Scoopex	8/1.run
Gathering 1993 Partyslides - Majic 12	8/2.run
Gen4 Demo - Dragons Demo	8/3.run
Gigademo 3 - Triangle,The Gang Demo3	8/4.run
Gladiator music - Cryptoburners	8/5.run
Global Trash - The Silents	8/6.run
Gloom Party Invitation - Gloom	8/7.run
Great Bytes In Fire - Cyberiad	8/8.run
Greatest Hits - Cult	8/9.run
Groovy Jives #3 - Relay	8/10.run
Hail the Engineer - Jetset	9/1.run
Hammer - Amaze	9/2.run
Here we are - Awake	9/3.run
Highway 1930 - Fraxion	9/4.run
Hit Collection 1 - Commando	9/5.run
Hit Fido - Kgb	9/6.run
Hit the Road - Flash Production	9/7.run
Hollywood Poker Slide - The Light Circle	9/8.run
Hot Music 4 - Ram Jam	9/9.run
House Music - Vision	9/10.run
Human Target - Melon Dezign	9/11.run
Hymn 633 - Damage	9/12.run
Hymns From The Bible 3 - Arcane	9/13.run
Ice - The Silents	10/1.run
Infinite Dreams - Lunatics	10/2.run
In Full Affect - WildFire Crew	10/3.run
InnerShip - Pussy	10/4.run
Inner-Vision - Dreamdealers	10/5.run
Inspiration is gone - Kefrens	10/6.run
Inspiration is none - Anarchy	10/7.run
Interspace - Phenomena	10/8.run
In the kitchen - Anarchy	10/9.run
Intro? Dentro? Mentro? Demo? - The Silents Demo	10/10.run
Iraq - Animators Demo	10/11.run
It's Just the Beginning - Paragon (Amiga)	10/12.run
I've got the power - Alcatraz	10/13.run
Jehova goes Hitech - Voice	11/1.run
Jesterday - Sanity	11/2.run
Jiggle It - Palace IT	11/3.run
Jochen Hippel Sound Demo - Axis Demo	11/4.run
Jukebox - Kefrens	11/5.run
Jungle Mania - The Jungle Command	11/6.run
Just For Your Ears - Brainwave	11/7.run
Kakburk - Strangers	12/1.run
Kerygma - Wizzcat	12/2.run
Kiwi Crap - Reality	12/3.run
Krest Mass Leftovers - Anarchy	12/4.run
Legalise It... - Anarchy IT	13/1.run
Legoland - Desire	13/2.run
Lethal Exit - Digital	13/3.run
Linus - Palace	13/4.run
Lithium - Awesome	13/5.run
Loony Tunes #1 - Divine	13/6.run
Love songs - Crime Devils	13/7.run
Megademo 4 - Devil's Key - Alcatraz	14/1.run
Madness - Anarchy	14/2.run
Madness 2 - The Search for Sanity - Anarchy	14/3.run
Maestro Jams vol.1 - Kefrens	14/4.run
Magnetic Dreams - Digital	14/5.run
Magnum Icetro - Depth	14/6.run
Marchewki - Alchemy	14/7.run
Masterpieces - Kefrens	14/8.run
Materialized - Cryptoburners	14/9.run
Mean Break Machine 2 - Tetragon	14/10.run
Megablast - Rebels	14/11.run
Megademo - Pseudoplast	14/12.run
Megademo 2 - Disorder	14/13.run
Megademo 2 - Alcatraz	14/14.run
Megademo 2 - Bass	14/15.run
Megademo 2 - Budbrain	14/16.run
Megademo 2 - Darkness	14/17.run
Megademo 1 - Dexion	14/18.run
Megademo 2 - Megaforce	14/19.run
Megademo 2 - Northstar	14/20.run
Megademo 2 - Rebels	14/21.run
Megademo 2 - Vision	14/22.run
Megademo 2 - Vortex 42	14/23.run
Megademo 3 - Alcatraz	14/24.run
Megademo 4 - Vision	14/25.run
Megademo 6 - Kefrens	14/26.run
Megademo 7 - Kefrens	14/27.run
Megademo 8 - Kefrens	14/28.run
Megademo - Acme (Amiga)	14/29.run
Megademo - Alcatraz	14/30.run
Megademo - Avenger	14/31.run
Megademo - Bass	14/32.run
Megademo - Beastie Boys	14/33.run
Megademo - Cult	14/34.run
Megademo - Darkness	14/35.run
Megademo - Deathstar	14/36.run
Megademo - Dexion	14/37.run
Megademo - Digitech	14/38.run
Megademo - Dragons	14/39.run
Megademo - Electronic Artists	14/40.run
Megademo - Excellence	14/41.run
Megademo - Freedom Force	14/42.run
Megademo - Goldfire	14/43.run
Megademo - Humanoids	14/44.run
Megademo - Intuition	14/45.run
Megademo - IT IT	14/46.run
Megademo - Joy	14/47.run
Megademo One - Katharsis	14/48.run
Megademo - Mad monks	14/49.run
Megademo one - Manowar	14/50.run
Megademo - Megaforce	14/51.run
Megademo - Northstar	14/52.run
Megademo - Phenomena	14/53.run
Megademo - Possessed	14/54.run
Megademo - Powerslaves	14/55.run
Megademo - Precise	14/56.run
Megademo - Predators	14/57.run
Megademo - Red Sector Inc.	14/58.run
Megademo - Royal Amiga Force	14/59.run
Megademo - Scoopex	14/60.run
Megademo - Software Of Sweden	14/61.run
Megademo - The link	14/62.run
Megademo - United Forces	14/63.run
Megademo - Vermin	14/64.run
Megademo - Vision	14/65.run
Megademo - Vortex 42	14/66.run
Megademo - Zeus	14/67.run
Megamix 1 - Royal Amiga Force	14/68.run
Megamix 2 - The Pumpin' Track - Royal Amiga Force	14/69.run
Megamix 3 - Royal Amiga Force	14/70.run
Memorial Songs - Alcatraz	14/71.run
Mental Hangover - Scoopex	14/72.run
Merry Melodies - Relay	14/73.run
Metal - Bundies	14/74.run
Metal Melissa The Pisser - Animators	14/75.run
Metamorphosis - Brainstorm	14/76.run
Miami Vice Theme - Swiss Cracking Association	14/77.run
Mi-Cro Con-Cept - The Crusaders	14/78.run
Mini Megademo - Doom	14/79.run
Mini Soundbox I - Shadow Light,Level 4	14/80.run
Mini Soundbox II - Shadow Light,Level 4	14/81.run
Mini Soundbox III - Shadow Light,Level 4	14/82.run
Minor Defects - Grace	14/83.run
Mixolydian - End of Century 1999	14/84.run
Moin Jungs - Doctor Mabuse Orgasm Crackings	14/85.run
Morbid Visions - Cyberiad	14/86.run
Morbid Visions II - Carillon & Cyberiad	14/87.run
More than music - Alcatraz	14/88.run
Multica - Andromeda	14/89.run
Multi Demo - Amaze	14/90.run
Multi Megamix - Kefrens	14/91.run
Multi Megamix 2 - Kefrens	14/92.run
Multi Megamix 3 - Kefrens	14/93.run
Musabox #2 - Falcons	14/94.run
Musabox #2 - Falcons	14/95.run
Museum - Alcatraz	14/96.run
Musical Secrets - Zite	14/97.run
Musication Vol.1 - Absolute!	14/98.run
Musicbox 3 - Gate	14/99.run
Music Box - Copyride	14/100.run
Musicbox - Exodus	14/101.run
Music Collection - Katharsis	14/102.run
Music Collection 4 - Level 4	14/103.run
Music Collection - Exocet	14/104.run
Music Compacting 2 - Alpha Flight 1970,Zylon	14/105.run
Music Compilation - Random Access	14/106.run
Music Demo - Deform	14/107.run
Musicdisk 1 - Alcatraz	14/108.run
Music Disk - Bass	14/109.run
Music-Disk 1 - D-Mob	14/110.run
MusicDisk #1 - IKS	14/111.run
Music Disk - Ipec Elite	14/112.run
Musicdisk 1 - Mahoney & Kaktus	14/113.run
Music Disk 1 - Prologic	14/114.run
Musicdisk 1 - Vega	14/115.run
Musicdisk 2 - Fantasy Force	14/116.run
Musicdisk 2 - Darkness	14/117.run
Music Madness 2 - Ipec Elite	14/118.run
MusicDisk #2 - IKS	14/119.run
Musicdisk 2 - Vega	14/120.run
Mega Musicdisk III - D-Mob	14/121.run
Musicdisk IV - D-Mob	14/122.run
Musicdisk 4 - Vega	14/123.run
Music Disk 6 - Ram Jam	14/124.run
Musicdisk - Orix,aspect	14/125.run
MusicDisk - Cryptic	14/126.run
Music Disk - Dexion	14/127.run
Music Disk - Dreamscape	14/128.run
Musicdisk - Escape	14/129.run
Musicdisk - Inzzest	14/130.run
Music pack 1 - Thrust	14/131.run
Music for fools - Ghost	14/132.run
Music Madness - Ipec Elite	14/133.run
Music Madness 2 - Ipec Elite	14/134.run
Music Megademo 2 - Ghostbusters Demo2	14/135.run
Music party 1990 - Cryptoburners	14/136.run
Music Rip #2 - Silicon League	14/137.run
Music Rip3 - Spreadpoint	14/138.run
Music With a Message - Magnetic Fields	14/139.run
Muzak compacting 1 - Alpha Flight 1970,Mindwarp	14/140.run
Muzaks Disk 1 - Securitate	14/141.run
Muzzax 1 - Byterapers	14/142.run
Muzzax 2 - Byterapers	14/143.run
Muzzax 3 - Byterapers	14/144.run
Muzzax 4 - Byterapers	14/145.run
Muzzax 5 - Byterapers	14/146.run
Muzzax 6 - Byterapers	14/147.run
Muzzax 7 - Byterapers	14/148.run
Megademo - Budbrain	14/149.run
New age - Ram Jam	15/1.run
No Brain - No Pain! (megademo) - Flash Production	15/2.run
No Brain - No Pain! (megademo) - Flash Production	15/3.run
No Brain No Pain - Paradise	15/4.run
Non Stop Music - Jungle Command	15/5.run
Nonterraqueous - Alarm	15/6.run
Nugget - The Black Lotus	15/7.run
NUMERIC - Profecy	15/8.run
NUMERIC 2 - Profecy	15/9.run
NUMERIC 3 - Profecy	15/10.run
Our definition of a boombastic demo style - Rebels	16/1.run
Oblique Infinity - Goldfire	16/2.run
Odeon - Solution	16/3.run
Ode To Ramon - Digital Force	16/4.run
Ode to Ramon 2 - The Digital Force	16/5.run
Odysounds 2 - Odyssey	16/6.run
Old Tunes - Chrome	16/7.run
One Day On Mars - Exile	16/8.run
One Stone -Sport Aid- - Quest	16/9.run
Optical Dreams - Addict	16/10.run
Ottifanten - Thrust	16/11.run
Ottifanten 2 - Thrust	16/12.run
Overdose - Delight	16/13.run
Overload - Jetset	16/14.run
Overload 2 - Skid Row,Jetset	16/15.run
Plays 2 unlimited - Scoopex	17/1.run
Party demo - Mute 101	17/2.run
Pack van pee #1 - Jetset	17/3.run
Pack van pee #3 - Jetset	17/4.run
Panic - Voices of Energy - Alcatraz	17/5.run
Paralytic noises - Inzzest	17/6.run
Peace in the Gulf - Animators	17/7.run
Pixeled Pleasures - Them	17/8.run
Pixel Nation - Defjam	17/9.run
Point blank - Andromeda	17/10.run
Power and Agony - Trackers	17/11.run
Powertrax - The Light Circle	17/12.run
Project Beat - Crusaders	17/13.run
Project Techno - Quartz	17/14.run
Psygnosis Musical Picture Disc #1 - Psygnosis & S.R.S PsygnosisMusicPictureDi0	17/15.run
Psygnosis Musical Picture Disc #1 - Psygnosis & S.R.S PsygnosisMusicPictureDis	17/16.run
Public Attack - Cult	17/17.run
Puggs in Space - Dionysus	17/18.run
Purple - Warfalcons	17/19.run
QED - Talent	18/1.run
Quick Musique - Oxygen	18/2.run
Rainheart Project - BAD COMPANY	19/1.run
Rap is Crap - Taipan	19/2.run
Ray of hope 2 - Majic 12	19/3.run
Raytraced Dreams - Old Bulls	19/4.run
Real Empathy - Virtual	19/5.run
Reflex - Liquid	19/6.run
Revenge - Fraxion	19/7.run
Rhythm Nation - The Lost Boys	19/8.run
Rock Box 1 - Avoid	19/9.run
RockBox2 - Avoid	19/10.run
Rolling - Omega Machine Designers,Ringard	19/11.run
Route 66 - D-Mob	19/12.run
Rubbish - Amega Industries	19/13.run
Sounddisk 2 -The Best of Grubi- - Brainstorm	20/1.run
Sane Sound - Academy	20/2.run
ScrewBalls - Phenomena	20/3.run
SCR Musax 2 - Scrapers	20/4.run
Seeing is believing - Anarchy	20/5.run
Sensenmann - United Forces	20/6.run
ShadowFire - Exact	20/7.run
Shed Tears - Ozone	20/8.run
Sigh - Old Bulls	20/9.run
Smau 92 Music Disk - Nightfall	20/10.run
Snap! - Rebels	20/11.run
Soft Movie - Genocide	20/12.run
Smell Of Shit (S.O.S) - Melon Dezign	20/13.run
Sound and Vision - Rebels	20/14.run
Sound Atax Vol. 1 - Magnetic Fields	20/15.run
Sound Atax Vol. 2 - Magnetic Fields	20/16.run
Sound Atax Vol. 3 - Magnetic Fields	20/17.run
Sound Barrier - Balance	20/18.run
Soundbox 2 - Alpha Flight 1970,Genesis (Alpha Flight)	20/19.run
Sound De Light - Software Of Sweden	20/20.run
Sound Disk 1 - Mygon	20/21.run
Sound Disk 2 - Mygon	20/22.run
Sounddisk - Possessed	20/23.run
Sound engine - Absence	20/24.run
Sound Engine 2 - Absence	20/25.run
Sound Erection - Shining 8	20/26.run
Sound Highlights 1 - Timex	20/27.run
Sound Mania 2 - Pussy	20/28.run
Sound of Music 7 - Cave	20/29.run
Sound of Silents - The Silents	20/30.run
Soundquest 1 - Quest	20/31.run
Sound Quest #2 - Quest	20/32.run
Soundrevolution 6 - Celtic	20/33.run
Sounds of Gnome - Mahoney & Kaktus,Northstar	20/34.run
Soundtracker Injury 2 - Electronic Artists	20/35.run
Soundtracker Injury 3 - Electronic Artists	20/36.run
Soundtrip - Shadows	20/37.run
Spaced Out Vol. 1 - Magnetic Fields	20/38.run
Spaced Out Vol. 2 - Magnetic Fields	20/39.run
Spaceship - Doctor Mabuse Orgasm Crackings	20/40.run
Spasmolytic - Spaceballs	20/41.run
Spellcheck - Andromeda	20/42.run
Stag 1 - BNK-Team	20/43.run
Stag 2 - The BNK Team	20/44.run
Stag 3 - BNK-Team	20/45.run
Stag 4 - BNK-Team	20/46.run
Stag 5 - BNK-Team	20/47.run
Stag 6 - BNK-Team	20/48.run
Stag EXTRA - BNK-Team	20/49.run
Stag 1 - BNK-Team	20/50.run
Stateline - Complex	20/51.run
Status quo - Mad elks	20/52.run
Stereo Sounds - Eon	20/53.run
Strange Dream #1 - Willow (Amiga)	20/54.run
Strange Music 2 - Strange	20/55.run
Strange Music 3 - Strange	20/56.run
Subliminal Vision - Bass	20/57.run
Sunset glow - Thrust	20/58.run
Sweet music - Crusaders	20/59.run
Synthesis - Underground	20/60.run
Synthetic Power - Cave	20/61.run
Synthetic Vibes - Quartz	20/62.run
System violation - Anarchy	20/63.run
The 100 most remembered c64 game tunes - Sundell & Birk	21/1.run
The Amplifier 2 - Dimension4	21/2.run
The Audience is Listening - Taipan	21/3.run
The Beginning - Byterapers	21/4.run
The Best of Pearl - Byte Busters	21/5.run
The Complete - Talent	21/6.run
The drunk desert demo - Paradox Demo	21/7.run
The Fantastic Art Of Tobias Richter - Crusaders	21/8.run
The Hunt for 7th October - Cryptoburners	21/9.run
The enemies musics III - The Enemies	21/10.run
The Musique Disk - Accession	21/11.run
The Party II Slideshow - Decnite	21/12.run
The pink circle - Arcane	21/13.run
The Punisher - Digital	21/14.run
Thalion Sound demo - Thalion Demo	21/15.run
Tuneshow IV (Spherical Dreams) - The Acoustic Revolution	21/16.run
Technomania - Shining 8	21/17.run
Technomania 2 - Shining 8	21/18.run
Techno Trance - Bastards	21/19.run
Techno Trance 3 - Bastards	21/20.run
TechTech - Sodan,Magician 42	21/21.run
Tekkno Bert -The Final Collapse- - Wildfire	21/22.run
Tera Tunes - Alpha Flight	21/23.run
Tera Tunes II - Team-X	21/24.run
Terminal fuckup - Sanity	21/25.run
Testament - Katharsis	21/26.run
Third dimension - Cryptoburners	21/27.run
Titan Trax 1 - Titanics	21/28.run
Toxic Ziemniak - Alchemy	21/29.run
Trash - Digital	21/30.run
Trashcan - Wizzcat	21/31.run
Tropical sunset - The Silents	21/32.run
Tune Disk 1 - Concept	21/33.run
Tuneshow II - Prophets AG,The Acoustic Revolution	21/34.run
Tuneshow III - The Acoustic Revolution	21/35.run
Turmoil - Sanity	21/36.run
Turrican Musicdisk - Andromeda	21/37.run
Turrican Music-Show - Spreadpoint	21/38.run
Tympanic Membrane - Panacea	21/39.run
The Ultimate Gameboy Simulator - Tetris - Symbiosis	21/40.run
The Wall - Kefrens	21/41.run
The White Room - Genesis (AFL)	21/42.run
Ufonix - Enigma (UK)	22/1.run
Universal Intensity - Complex	22/2.run
Unleashed - Insane	22/3.run
Vaginal Massacre - U.d.o.	23/1.run
Vector balls - Hypnosis	23/2.run
Vector - Dual Crew Demo	23/3.run
Vectordance - Cult	23/4.run
Vectordance 2 - Cult	23/5.run
Vector All Times - Tristan Lorach	23/6.run
Voyage - Fantasy Force	23/7.run
Voyage - Razor 1911	23/8.run
Walkman & Othon Musicdisk - Armada,IT IT	24/1.run
Walkman Music - IT	24/2.run
Water proof - Rebels	24/3.run
Water proof - Rebels Fixed	24/4.run
Wibbly Wobbly - Magnetic Fields	24/5.run
With Vectors To Heaven - World Federation of Mad Hackers	24/6.run
World Of Noise #1 - Digitech,Italian bad boys,knight hawks	24/7.run
World's Wave - Subway	24/8.run
World's wave II - Subway,Dream Team	24/9.run
World's wave III - Subway,Dream Team	24/10.run
World's wave IV - Subway	24/11.run
Xenon 2 Music Rip - Red Sector Inc.	25/1.run